exit status: 0
stdout:
let a : (Bool, Bool, Bool) = (true, false, true);
let x : Bool = a._0;
let y : Bool = a._1;
() : ()

stderr:
error: duplicate definition of local name `x`
  ┌─ tests/fail/match/duplicate-name.pion:3:12
  │
3 │ let (x, y, x) = (true, false, true);
  │      -     ^ duplicate definition
  │      │      
  │      first definition

